// Jest Snapshot v1, https://goo.gl/fbAQLP

exports[`worker should emit error: error 1`] = `
Array [
  "str.replace is not a function",
]
`;

exports[`worker should minify html: html 1`] = `"<!-- Comment --><p title=\\"blah\\" id=\\"moo\\"> foo </p>"`;

exports[`worker should minify html: html 2`] = `
Object {
  "html": "<!-- From minify function --><p class=\\"atata\\">from-minify-function</p>",
}
`;
